app/api/chat/route.ts(118,21): error TS2322: Type 'null' is not assignable to type 'string | undefined'.
app/page.tsx(116,24): error TS2345: Argument of type 'FileUIPart[]' is not assignable to parameter of type 'File[]'.
  Type 'FileUIPart' is missing the following properties from type 'File': lastModified, name, webkitRelativePath, size, and 5 more.
lib/supabase-client.ts(23,9): error TS2322: Type 'SupabaseClient<any, "public", "public", any, any>' is not assignable to type 'SupabaseClient<unknown, { PostgrestVersion: string; }, never, never, { PostgrestVersion: string; }>'.
  Type '"public"' is not assignable to type 'never'.
